plutus-conformance/uplc//evaluation/builtin/listOfList/listOfList.uplc:1:21:
  |
1 | (program 0.0.0 (con list(list(integer)) [ [0], [0, 1, 2], [4, 5, 2] ]))
  |                     ^^^^^^^^^^
unexpected "list(list("
expecting "bool", "bytestring", "integer", "string", "unit", or '('
