(constr
  1
  (constr
    1
    (constr 0 (con integer 4) (con integer 3))
    (constr
      1
      (constr 0 (con integer 3) (con integer 1))
      (constr
        1
        (constr 0 (con integer 2) (con integer 4))
        (constr 1 (constr 0 (con integer 1) (con integer 2)) (constr 0))
      )
    )
  )
  (constr
    1
    (constr
      1
      (constr 0 (con integer 4) (con integer 2))
      (constr
        1
        (constr 0 (con integer 3) (con integer 4))
        (constr
          1
          (constr 0 (con integer 2) (con integer 1))
          (constr 1 (constr 0 (con integer 1) (con integer 3)) (constr 0))
        )
      )
    )
    (constr 0)
  )
)