/\a ->
  \(s : (\a -> ifix (\(self :: * -> *) a -> self a -> a) a) a) -> unwrap s s