(program 1.0.0
  [
    [
      [
        (force
          (delay
            (lam
              GHC_Maybe_Just_i0
              (lam
                GHC_Maybe_Nothing_i0
                (lam
                  match_GHC_Maybe_Maybe_i0
                  [
                    [
                      (force
                        (delay
                          (lam
                            GHC_Tuple_Tuple2_i0
                            (lam
                              match_GHC_Tuple_Tuple2_i0
                              [
                                [
                                  (force
                                    (delay
                                      (lam
                                        Lift_Spec_NestedRecord_i0
                                        (lam
                                          match_Lift_Spec_NestedRecord_i0
                                          [
                                            Lift_Spec_NestedRecord_i2
                                            [
                                              (force GHC_Maybe_Just_i7)
                                              [
                                                [
                                                  (force
                                                    (force GHC_Tuple_Tuple2_i4)
                                                  )
                                                  (con integer 1)
                                                ]
                                                (con integer 2)
                                              ]
                                            ]
                                          ]
                                        )
                                      )
                                    )
                                  )
                                  (lam
                                    arg_0_i0
                                    (delay
                                      (lam
                                        case_Lift_Spec_NestedRecord_i0
                                        [
                                          case_Lift_Spec_NestedRecord_i1
                                          arg_0_i2
                                        ]
                                      )
                                    )
                                  )
                                ]
                                (lam x_i0 x_i1)
                              ]
                            )
                          )
                        )
                      )
                      (delay
                        (delay
                          (lam
                            arg_0_i0
                            (lam
                              arg_1_i0
                              (delay
                                (lam
                                  case_GHC_Tuple_Tuple2_i0
                                  [
                                    [ case_GHC_Tuple_Tuple2_i1 arg_0_i3 ]
                                    arg_1_i2
                                  ]
                                )
                              )
                            )
                          )
                        )
                      )
                    ]
                    (delay (delay (lam x_i0 x_i1)))
                  ]
                )
              )
            )
          )
        )
        (delay
          (lam
            arg_0_i0
            (delay
              (lam
                case_GHC_Maybe_Just_i0
                (lam
                  case_GHC_Maybe_Nothing_i0 [ case_GHC_Maybe_Just_i2 arg_0_i3 ]
                )
              )
            )
          )
        )
      ]
      (delay
        (delay
          (lam
            case_GHC_Maybe_Just_i0
            (lam case_GHC_Maybe_Nothing_i0 case_GHC_Maybe_Nothing_i1)
          )
        )
      )
    ]
    (delay (lam x_i0 x_i1))
  ]
)