An error has occurred:
The machine terminated because of an error, either from a built-in function or from an explicit use of 'error'.
Final budget: ({cpu: 694603948
| mem: 2947655})
Logs: PT5