(program
  1.1.0
  [
    [
      [
        (lam s_i0 [ s_i1 s_i1 ])
        (lam
          s_i0
          (lam
            x_i0
            [
              (lam
                go_i0
                (lam
                  ds_i0
                  (force
                    (case
                      ds_i1
                      (delay (constr 1))
                      (lam
                        x_i0
                        (lam
                          xs_i0
                          (delay
                            (force
                              (case
                                [
                                  [
                                    [
                                      (force (builtin ifThenElse))
                                      [
                                        [
                                          (builtin lessThanEqualsInteger)
                                          (con integer 1)
                                        ]
                                        x_i2
                                      ]
                                    ]
                                    (constr 1)
                                  ]
                                  (constr 0)
                                ]
                                (delay (constr 0 x_i5))
                                (delay
                                  [
                                    [
                                      go_i4
                                      [
                                        [ (builtin addInteger) x_i5 ]
                                        (con integer 1)
                                      ]
                                    ]
                                    xs_i1
                                  ]
                                )
                              )
                            )
                          )
                        )
                      )
                    )
                  )
                )
              )
              [ s_i2 s_i2 ]
            ]
          )
        )
      ]
      (con integer 0)
    ]
    (constr 0)
  ]
)