(program 0.1.0
  (lam x_6 y_7 (lam x_8 z_9 [ (lam f_10 t_11 j_12) x_8 ]))
)