(program 0.1.0
  (lam
    x_6
    (all a_7 (type) (fun a_7 (fun a_7 a_7)))
    [
      [
        [
          {
            (abs
              b_8
              (type)
              (lam
                x_9
                (all a_10 (type) (fun a_10 (fun a_10 a_10)))
                (lam t_11 b_8 (lam f_12 b_8 [ [ { x_9 b_2 } t_11 ] f_12 ]))
              )
            )
            (all a_1 (type) (fun a_1 (fun a_1 a_1)))
          }
          x_6
        ]
        (abs a_13 (type) (lam x_14 a_13 (lam y_15 a_13 y_15)))
      ]
      (abs a_16 (type) (lam t_17 a_16 (lam f_18 a_16 t_17)))
    ]
  )
)