Slot 00000: TxnValidate 686106f51262efb810d99311d3bbe478ba5abb92b5be2e1f9488d56622caf6f4
Slot 00000: SlotAdd Slot 1
Slot 00001: W2e463c8: InsertionSuccess: New tip is Tip(slot= Slot 1, blockId= BlockId(5694917818900844593), blockNo= 0). UTxO state was added to the end.
Slot 00001: W36cb1d4: InsertionSuccess: New tip is Tip(slot= Slot 1, blockId= BlockId(5694917818900844593), blockNo= 0). UTxO state was added to the end.
Slot 00001: W562f269: InsertionSuccess: New tip is Tip(slot= Slot 1, blockId= BlockId(5694917818900844593), blockNo= 0). UTxO state was added to the end.
Slot 00001: W7628f55: InsertionSuccess: New tip is Tip(slot= Slot 1, blockId= BlockId(5694917818900844593), blockNo= 0). UTxO state was added to the end.
Slot 00001: W76d5e12: InsertionSuccess: New tip is Tip(slot= Slot 1, blockId= BlockId(5694917818900844593), blockNo= 0). UTxO state was added to the end.
Slot 00001: W7e203f3: InsertionSuccess: New tip is Tip(slot= Slot 1, blockId= BlockId(5694917818900844593), blockNo= 0). UTxO state was added to the end.
Slot 00001: W86c4c1d: InsertionSuccess: New tip is Tip(slot= Slot 1, blockId= BlockId(5694917818900844593), blockNo= 0). UTxO state was added to the end.
Slot 00001: Wb6d40a7: InsertionSuccess: New tip is Tip(slot= Slot 1, blockId= BlockId(5694917818900844593), blockNo= 0). UTxO state was added to the end.
Slot 00001: Wce5bf08: InsertionSuccess: New tip is Tip(slot= Slot 1, blockId= BlockId(5694917818900844593), blockNo= 0). UTxO state was added to the end.
Slot 00001: We6778ca: InsertionSuccess: New tip is Tip(slot= Slot 1, blockId= BlockId(5694917818900844593), blockNo= 0). UTxO state was added to the end.
Slot 00001: W76d5e12: TxSubmit: 66a83dffd85bb6659fe98240fddf4ba2eb0ff04fdd4ff50377650ae2dcf52764
Slot 00001: TxnValidate 66a83dffd85bb6659fe98240fddf4ba2eb0ff04fdd4ff50377650ae2dcf52764
Slot 00001: SlotAdd Slot 2
Slot 00002: W2e463c8: InsertionSuccess: New tip is Tip(slot= Slot 2, blockId= BlockId(-7830385093863218197), blockNo= 1). UTxO state was added to the end.
Slot 00002: W36cb1d4: InsertionSuccess: New tip is Tip(slot= Slot 2, blockId= BlockId(-7830385093863218197), blockNo= 1). UTxO state was added to the end.
Slot 00002: W562f269: InsertionSuccess: New tip is Tip(slot= Slot 2, blockId= BlockId(-7830385093863218197), blockNo= 1). UTxO state was added to the end.
Slot 00002: W7628f55: InsertionSuccess: New tip is Tip(slot= Slot 2, blockId= BlockId(-7830385093863218197), blockNo= 1). UTxO state was added to the end.
Slot 00002: W76d5e12: InsertionSuccess: New tip is Tip(slot= Slot 2, blockId= BlockId(-7830385093863218197), blockNo= 1). UTxO state was added to the end.
Slot 00002: W7e203f3: InsertionSuccess: New tip is Tip(slot= Slot 2, blockId= BlockId(-7830385093863218197), blockNo= 1). UTxO state was added to the end.
Slot 00002: W86c4c1d: InsertionSuccess: New tip is Tip(slot= Slot 2, blockId= BlockId(-7830385093863218197), blockNo= 1). UTxO state was added to the end.
Slot 00002: Wb6d40a7: InsertionSuccess: New tip is Tip(slot= Slot 2, blockId= BlockId(-7830385093863218197), blockNo= 1). UTxO state was added to the end.
Slot 00002: Wce5bf08: InsertionSuccess: New tip is Tip(slot= Slot 2, blockId= BlockId(-7830385093863218197), blockNo= 1). UTxO state was added to the end.
Slot 00002: We6778ca: InsertionSuccess: New tip is Tip(slot= Slot 2, blockId= BlockId(-7830385093863218197), blockNo= 1). UTxO state was added to the end.
Slot 00002: W2e463c8: TxSubmit: 2ab3a066da2225cc2bc121368ce3263d92bb06a7151649ea90280c62b3fd52be
Slot 00002: TxnValidate 2ab3a066da2225cc2bc121368ce3263d92bb06a7151649ea90280c62b3fd52be
Slot 00002: SlotAdd Slot 3
Slot 00003: W2e463c8: InsertionSuccess: New tip is Tip(slot= Slot 3, blockId= BlockId(-4209470942112060974), blockNo= 2). UTxO state was added to the end.
Slot 00003: W36cb1d4: InsertionSuccess: New tip is Tip(slot= Slot 3, blockId= BlockId(-4209470942112060974), blockNo= 2). UTxO state was added to the end.
Slot 00003: W562f269: InsertionSuccess: New tip is Tip(slot= Slot 3, blockId= BlockId(-4209470942112060974), blockNo= 2). UTxO state was added to the end.
Slot 00003: W7628f55: InsertionSuccess: New tip is Tip(slot= Slot 3, blockId= BlockId(-4209470942112060974), blockNo= 2). UTxO state was added to the end.
Slot 00003: W76d5e12: InsertionSuccess: New tip is Tip(slot= Slot 3, blockId= BlockId(-4209470942112060974), blockNo= 2). UTxO state was added to the end.
Slot 00003: W7e203f3: InsertionSuccess: New tip is Tip(slot= Slot 3, blockId= BlockId(-4209470942112060974), blockNo= 2). UTxO state was added to the end.
Slot 00003: W86c4c1d: InsertionSuccess: New tip is Tip(slot= Slot 3, blockId= BlockId(-4209470942112060974), blockNo= 2). UTxO state was added to the end.
Slot 00003: Wb6d40a7: InsertionSuccess: New tip is Tip(slot= Slot 3, blockId= BlockId(-4209470942112060974), blockNo= 2). UTxO state was added to the end.
Slot 00003: Wce5bf08: InsertionSuccess: New tip is Tip(slot= Slot 3, blockId= BlockId(-4209470942112060974), blockNo= 2). UTxO state was added to the end.
Slot 00003: We6778ca: InsertionSuccess: New tip is Tip(slot= Slot 3, blockId= BlockId(-4209470942112060974), blockNo= 2). UTxO state was added to the end.
Slot 00003: Wce5bf08: TxSubmit: dd00ae9e55c5788e22e9608476040ac935dbfe54befcb3ac6de561d835899bc3
Slot 00003: TxnValidate dd00ae9e55c5788e22e9608476040ac935dbfe54befcb3ac6de561d835899bc3
Slot 00003: SlotAdd Slot 4
Slot 00004: W2e463c8: InsertionSuccess: New tip is Tip(slot= Slot 4, blockId= BlockId(8562911569480231852), blockNo= 3). UTxO state was added to the end.
Slot 00004: W36cb1d4: InsertionSuccess: New tip is Tip(slot= Slot 4, blockId= BlockId(8562911569480231852), blockNo= 3). UTxO state was added to the end.
Slot 00004: W562f269: InsertionSuccess: New tip is Tip(slot= Slot 4, blockId= BlockId(8562911569480231852), blockNo= 3). UTxO state was added to the end.
Slot 00004: W7628f55: InsertionSuccess: New tip is Tip(slot= Slot 4, blockId= BlockId(8562911569480231852), blockNo= 3). UTxO state was added to the end.
Slot 00004: W76d5e12: InsertionSuccess: New tip is Tip(slot= Slot 4, blockId= BlockId(8562911569480231852), blockNo= 3). UTxO state was added to the end.
Slot 00004: W7e203f3: InsertionSuccess: New tip is Tip(slot= Slot 4, blockId= BlockId(8562911569480231852), blockNo= 3). UTxO state was added to the end.
Slot 00004: W86c4c1d: InsertionSuccess: New tip is Tip(slot= Slot 4, blockId= BlockId(8562911569480231852), blockNo= 3). UTxO state was added to the end.
Slot 00004: Wb6d40a7: InsertionSuccess: New tip is Tip(slot= Slot 4, blockId= BlockId(8562911569480231852), blockNo= 3). UTxO state was added to the end.
Slot 00004: Wce5bf08: InsertionSuccess: New tip is Tip(slot= Slot 4, blockId= BlockId(8562911569480231852), blockNo= 3). UTxO state was added to the end.
Slot 00004: We6778ca: InsertionSuccess: New tip is Tip(slot= Slot 4, blockId= BlockId(8562911569480231852), blockNo= 3). UTxO state was added to the end.
Slot 00004: SlotAdd Slot 5
Slot 00005: W2e463c8: InsertionSuccess: New tip is Tip(slot= Slot 5, blockId= BlockId(-3750763034362895579), blockNo= 4). UTxO state was added to the end.
Slot 00005: W36cb1d4: InsertionSuccess: New tip is Tip(slot= Slot 5, blockId= BlockId(-3750763034362895579), blockNo= 4). UTxO state was added to the end.
Slot 00005: W562f269: InsertionSuccess: New tip is Tip(slot= Slot 5, blockId= BlockId(-3750763034362895579), blockNo= 4). UTxO state was added to the end.
Slot 00005: W7628f55: InsertionSuccess: New tip is Tip(slot= Slot 5, blockId= BlockId(-3750763034362895579), blockNo= 4). UTxO state was added to the end.
Slot 00005: W76d5e12: InsertionSuccess: New tip is Tip(slot= Slot 5, blockId= BlockId(-3750763034362895579), blockNo= 4). UTxO state was added to the end.
Slot 00005: W7e203f3: InsertionSuccess: New tip is Tip(slot= Slot 5, blockId= BlockId(-3750763034362895579), blockNo= 4). UTxO state was added to the end.
Slot 00005: W86c4c1d: InsertionSuccess: New tip is Tip(slot= Slot 5, blockId= BlockId(-3750763034362895579), blockNo= 4). UTxO state was added to the end.
Slot 00005: Wb6d40a7: InsertionSuccess: New tip is Tip(slot= Slot 5, blockId= BlockId(-3750763034362895579), blockNo= 4). UTxO state was added to the end.
Slot 00005: Wce5bf08: InsertionSuccess: New tip is Tip(slot= Slot 5, blockId= BlockId(-3750763034362895579), blockNo= 4). UTxO state was added to the end.
Slot 00005: We6778ca: InsertionSuccess: New tip is Tip(slot= Slot 5, blockId= BlockId(-3750763034362895579), blockNo= 4). UTxO state was added to the end.
Final balances
Wallet 2e463c80f68b7047fa67403b1911f161aa597bbdf683d9b4e3f66ef3762c1499269f4f5278db3368fe58905f4cf581642fe40ead0506e7863c5a543254d21876070685fdff668e697efca70098985dec1497e079f958296a335b47ab3d0dffa1b394f26269b9e620c07148bfe1218a076be87eec941ca20340b443575467ef04: 
    {, ""}: 99999990
Wallet 36cb1d44654c33ed6b26cbe2da0848de2ebfdb20010679a06c5f609c474f349b8003380446e9159a34504f9fd19da3e93f215efa30cae9455d441be0eac8db66291a5a5e8c961f9da5fb8cb616ab630a6600f4a44acd520fa701b330849e4446d7d1711ac606ae93a2b3d457dd7f4f36b3af92dd0de82a7caf471fb5ed2b5ea3: 
    {, ""}: 100000000
Wallet 562f269ac4ce35c9be75343cb9d76b3149d1ea5a509299204de6b61dfec1908ec7a4aeed5057be46ff9881d276f9b4050acf9fbc68b61708e33f64db34f479bddd497ff6d3a59aadc10782de888dc139213f444fe7af7b469cab15d50e1cb6d58fba680762c1963f345178e1a7daf62c2eac026b62ceba08c1c5020326d75c20: 
    {, ""}: 100000000
Wallet 7628f55f34ca6d864c05aae491e67a5cc0998c4e9461d716fa728fefa837058e3adcc42d910d0404fbddaa157f4d0869f2863faf6cc706eae8eafd204af69a33bd3f819a795f4f7388759a4355436e7bddebbdc14a903df8e4ee733d98616cade35c741d39593e68ea7e331bb145f032cf704ed6d1324d9647ecc1aaaee4f7e8: 
    {, ""}: 100000000
Wallet 76d5e1291d51f16eb442267faccd0ab51a3b0c4a21eb6b8f72d5f0a4ca467189ac5f70a018c6df3f632b48fd8ead1b68f39a44de06f5a5de42a6a131af0f085d44becd56fa30041efea5ff2637205181837dffd03545d3db1c11e6dcbbd3415ce8f85aad41776b99eb62a797b8c5abbe82061e1634efc4c7d5ac6fff3ca94d7f: 
    {, ""}: 99999990
Wallet 7e203f38109d82c064e95ff2008d84cf6f5c95ec5dbea86d24f407011f65e3868232a16b2bdab56ccff3ab77e24b6a5c88291dd6519b32943fe85ec52c7e6ffe4ab780e3653ceefb79a9e697805ccd430501b09b9a932def195173d96c91013c8b2e8b948109b07a0cae8725f7a8b2b4a892954971891425b4ef3b2eec05f9a1: 
    {, ""}: 100000000
Wallet 86c4c1d06a6cd0480865a836fafd97daeba7c79bdc043dff34f9d4553c026e831a4a36760c1d8a0a5458efcb33394ce936b139549570e0f2e80739d50abb6402fcd5201fc11e20cdba72c7440a5e406d314cd1f63fa1d87c83881e0dc1fe3ac5bf6f6a576cf7c56f8d46926bcd24b7de630455a7df7cebb0afadce72d1ede55c: 
    {, ""}: 100000000
Wallet b6d40a76f3fd73233a7e0c52a1bb99174151b3643f462016b8b39f776acd4081429729fd15129139332ede3e94ac805090d6e80b78e187ea85c29012c7b4f4b6e9929aa98f85a5d3173cfc128f4198c437ee3484f676ae741412698a00603111c2b887a0b36c23620aca53026dddc27a4c078aec919e739e2b81bb2f729c5943: 
    {, ""}: 100000000
Wallet ce5bf0869d6720212e4dcf3ea6992cf4a9b88c39261fd9d6a635f046a17da49b6125ba6748c542e5821ec9d1e9d2f0564bc7572c1ec0e1a82cce88951dec70639e228ed6586bd2946247d66f88fac7e266a9cf37ab49ef1b9b17befd34a3db085e5af768f7297f0e1138220378a2d13c470da5a79639d8313911adeb0436d91e: 
    {, ""}: 99999990
Wallet e6778caeed9911d9b0b49f4fd026052395b6b7025b016052c7ca937e8f332e82338bbe4abdb5d91b348b8361c04117e538f8e6c98f716354837ec822b970419f61636d94a191bc8efbe1e7b53ef59d7b77c67adeb5a3f11fe754ee5ce407045f0da5b9850ac337f62d3bacbbd5ec336736dcb26dcebdea6fb5620b3e4837d177: 
    {, ""}: 100000000
