let
  !i : integer = (\(x : integer) -> let !j : integer = addInteger 1 x in j) 1
in
i