(let
  (nonrec)
  (termbind (strict) (vardecl x (con integer)) (con integer 1))
  [ [ (builtin addInteger) x ] (con integer 2) ]
)