(fun [[(lam a_0 (type) (lam b_1 (type) (all p_matchOut_2 (type) (fun (fun a_0 (fun b_1 p_matchOut_2)) p_matchOut_2)))) [(con integer) (con 64)]] [(con integer) (con 64)]] [(con integer) (con 64)])