(program
  1.0.0
  (con
    bls12_381_G1_element
    0xc00000000000000000000000000000000000000000000000000000000000000000000000000000000000000000000000
  )
)