(program
  1.1.0
  [
    [
      [
        {
          (abs
            Nat_i0
            (type)
            (lam
              Zero_i0
              Nat_i2
              (lam
                Suc_i0
                (fun Nat_i3 Nat_i3)
                (lam
                  match_Nat_i0
                  (fun
                    Nat_i4
                    (all
                      out_Nat_i0
                      (type)
                      (fun out_Nat_i1 (fun (fun Nat_i5 out_Nat_i1) out_Nat_i1))
                    )
                  )
                  [
                    [
                      (lam
                        s_i0
                        [
                          (lam
                            a_i0
                            (type)
                            (ifix
                              (lam
                                self_i0
                                (fun (type) (type))
                                (lam a_i0 (type) (fun [ self_i2 a_i1 ] a_i1))
                              )
                              a_i1
                            )
                          )
                          (fun Nat_i5 Nat_i5)
                        ]
                        [ (unwrap s_i1) s_i1 ]
                      )
                      (iwrap
                        (lam
                          self_i0
                          (fun (type) (type))
                          (lam a_i0 (type) (fun [ self_i2 a_i1 ] a_i1))
                        )
                        (fun Nat_i4 Nat_i4)
                        (lam
                          s_i0
                          [
                            (lam
                              a_i0
                              (type)
                              (ifix
                                (lam
                                  self_i0
                                  (fun (type) (type))
                                  (lam a_i0 (type) (fun [ self_i2 a_i1 ] a_i1))
                                )
                                a_i1
                              )
                            )
                            (fun Nat_i5 Nat_i5)
                          ]
                          (lam
                            x_i0
                            Nat_i6
                            [
                              (lam
                                stupidZero_i0
                                (fun Nat_i7 Nat_i7)
                                [
                                  [ { [ match_Nat_i4 x_i2 ] Nat_i7 } Zero_i6 ]
                                  (lam p_i0 Nat_i8 [ stupidZero_i2 p_i1 ])
                                ]
                              )
                              [ (unwrap s_i2) s_i2 ]
                            ]
                          )
                        )
                      )
                    ]
                    [ Suc_i2 [ Suc_i2 [ Suc_i2 Zero_i3 ] ] ]
                  ]
                )
              )
            )
          )
          (ifix
            (lam
              rec_i0
              (fun (fun (type) (type)) (type))
              (lam f_i0 (fun (type) (type)) [ f_i1 [ rec_i2 f_i1 ] ])
            )
            (lam Nat_i0 (type) (sop [] [Nat_i1]))
          )
        }
        (iwrap
          (lam
            rec_i0
            (fun (fun (type) (type)) (type))
            (lam f_i0 (fun (type) (type)) [ f_i1 [ rec_i2 f_i1 ] ])
          )
          (lam Nat_i0 (type) (sop [] [Nat_i1]))
          (constr
            (sop
              []
              [(ifix
                (lam
                  rec_i0
                  (fun (fun (type) (type)) (type))
                  (lam f_i0 (fun (type) (type)) [ f_i1 [ rec_i2 f_i1 ] ])
                )
                (lam Nat_i0 (type) (sop [] [Nat_i1]))
              )]
            )
            0
          )
        )
      ]
      (lam
        arg_0_i0
        (ifix
          (lam
            rec_i0
            (fun (fun (type) (type)) (type))
            (lam f_i0 (fun (type) (type)) [ f_i1 [ rec_i2 f_i1 ] ])
          )
          (lam Nat_i0 (type) (sop [] [Nat_i1]))
        )
        (iwrap
          (lam
            rec_i0
            (fun (fun (type) (type)) (type))
            (lam f_i0 (fun (type) (type)) [ f_i1 [ rec_i2 f_i1 ] ])
          )
          (lam Nat_i0 (type) (sop [] [Nat_i1]))
          (constr
            (sop
              []
              [(ifix
                (lam
                  rec_i0
                  (fun (fun (type) (type)) (type))
                  (lam f_i0 (fun (type) (type)) [ f_i1 [ rec_i2 f_i1 ] ])
                )
                (lam Nat_i0 (type) (sop [] [Nat_i1]))
              )]
            )
            1
            arg_0_i1
          )
        )
      )
    ]
    (lam
      x_i0
      (ifix
        (lam
          rec_i0
          (fun (fun (type) (type)) (type))
          (lam f_i0 (fun (type) (type)) [ f_i1 [ rec_i2 f_i1 ] ])
        )
        (lam Nat_i0 (type) (sop [] [Nat_i1]))
      )
      (abs
        out_Nat_i0
        (type)
        (lam
          case_Zero_i0
          out_Nat_i2
          (lam
            case_Suc_i0
            (fun
              (ifix
                (lam
                  rec_i0
                  (fun (fun (type) (type)) (type))
                  (lam f_i0 (fun (type) (type)) [ f_i1 [ rec_i2 f_i1 ] ])
                )
                (lam Nat_i0 (type) (sop [] [Nat_i1]))
              )
              out_Nat_i3
            )
            (case out_Nat_i3 (unwrap x_i4) case_Zero_i2 case_Suc_i1)
          )
        )
      )
    )
  ]
)