program
  1.1.0
  (let
    !encodeUtf : string -> bytestring = encodeUtf8
    ~encodeUtf : string -> bytestring = encodeUtf
  in
  encodeUtf "abc")