program
  1.1.0
  (let
    data (Tuple2 :: * -> * -> *) a b | Tuple2_match where
      Tuple2 : a -> b -> Tuple2 a b
  in
  Tuple2 {integer} {integer} 1 2)