(lam i [ [ (builtin addInteger) i ] (con integer 1) ])