(program 1.0.0
  [
    [
      [
        {
          (abs
            list_82
            (fun (type) (type))
            (lam
              list_83
              (all a_84 (type) [list_82 a_84])
              (lam
                cons_85
                (all a_86 (type) (fun a_86 (fun [list_82 a_86] [list_82 a_86])))
                (lam
                  p_match_87
                  (all a_88 (type) (fun [list_82 a_88] [(lam a_89 (type) (all out_list_90 (type) (fun out_list_90 (fun (fun a_89 (fun [list_82 a_89] out_list_90)) out_list_90)))) a_88]))
                  { list_83 [(con integer) (con 64)] }
                )
              )
            )
          )
          (fix list_91 (lam a_92 (type) (all out_list_93 (type) (fun out_list_93 (fun (fun a_92 (fun [list_91 a_92] out_list_93)) out_list_93)))))
        }
        (abs
          a_94
          (type)
          (wrap
            list_95
            (lam a_96 (type) (all out_list_97 (type) (fun out_list_97 (fun (fun a_96 (fun [list_95 a_96] out_list_97)) out_list_97))))
            (abs
              out_list_98
              (type)
              (lam
                case_list_99
                out_list_98
                (lam
                  case_cons_100
                  (fun a_94 (fun [list_95 a_94] out_list_98))
                  case_list_99
                )
              )
            )
          )
        )
      ]
      (abs
        a_101
        (type)
        (lam
          arg_0_102
          a_101
          (lam
            arg_1_103
            [(fix list_104 (lam a_105 (type) (all out_list_106 (type) (fun out_list_106 (fun (fun a_105 (fun [list_104 a_105] out_list_106)) out_list_106))))) a_101]
            (wrap
              list_107
              (lam a_108 (type) (all out_list_109 (type) (fun out_list_109 (fun (fun a_108 (fun [list_107 a_108] out_list_109)) out_list_109))))
              (abs
                out_list_110
                (type)
                (lam
                  case_list_111
                  out_list_110
                  (lam
                    case_cons_112
                    (fun a_101 (fun [list_107 a_101] out_list_110))
                    [ [ case_cons_112 arg_0_102 ] arg_1_103 ]
                  )
                )
              )
            )
          )
        )
      )
    ]
    (abs
      a_113
      (type)
      (lam
        x_114
        [(fix list_115 (lam a_116 (type) (all out_list_117 (type) (fun out_list_117 (fun (fun a_116 (fun [list_115 a_116] out_list_117)) out_list_117))))) a_113]
        (unwrap x_114)
      )
    )
  ]
)