(delay
  (lam case_Just_77 (lam case_Nothing_78 [ case_Just_77 (con integer 1) ]))
)