<<<<<<< HEAD
({cpu: 111393355
| mem: 343505})
=======
({cpu: 84686453
| mem: 324879})
>>>>>>> 00beff4c8be236fa39123afd956abd910a2bbb50
