CPU:                 5_827_920
Memory:                 28_520
Term Size:                  56
Flat Size:                 129

(constr 0)