(program
  1.0.0
  (con
    bytestring
    #83edc0ce742bb09957613e44150205679d3f61a467b25cc758a3b033c2f0d68584803b9dc05b3b0b9cbd66
  )
)