(Right (fun
  (fun (con integer) (con integer))
  (fun (fun (con integer) (con integer)) (fun (con integer) (con integer)))
))