(Left Type mismatch at () in term
  '(con string "11 <= 22")'.
Expected type
  '[(con list) (con char)]',
found type
  '(con bool)')