(Left Type mismatch at () in term
  '(prod (con integer 11) (con integer 12))'.
Expected type
  '(prod *_0 *_0)',
found type
  '(prod (con integer) (con integer))')