plutus-conformance/uplc//evaluation/builtin/constant/simpleList/simpleList.uplc:1:21:
  |
1 | (program 0.0.0 (con list(bool) [True, False, True]))
  |                     ^^^^^^^^^^
unexpected "list(bool)"
expecting "bool", "bytestring", "integer", "string", "unit", or '('
